exports[`test renders correctly 1`] = `
<div>
  <div
    className="appmodule-loader">
    <div>
      <a
        href="http://www.nordicsemi.com/nRFConnect"
        target="_blank">
        <img
          className="appmodule-loader-logo"
          src="0de65e70408b48e404a43aef9d424408.png" />
      </a>
    </div>
    <div
      className="appmodule-loader-heading">
      <h4>
        nRF Connect
      </h4>
    </div>
  </div>
  <div
    className="panel-body">
    <div>
      <div
        className="list-group">
        <a
          className="list-group-item"
          href="#"
          onClick={[Function onClick]}>
          <div
            className="appmodule-list-item">
            <div>
              <img
                className="appmodule-icon"
                src="resources/ble-icon.png" />
            </div>
            <div>
              <h4
                className="list-group-item-heading">
                ble
              </h4>
              <p
                className="list-group-item-text">
                ble description
              </p>
            </div>
          </div>
        </a>
        <a
          className="list-group-item"
          href="#"
          onClick={[Function onClick]}>
          <div
            className="appmodule-list-item">
            <div>
              <img
                className="appmodule-icon"
                src="resources/mesh-icon.png" />
            </div>
            <div>
              <h4
                className="list-group-item-heading">
                mesh
              </h4>
              <p
                className="list-group-item-text">
                mesh description
              </p>
            </div>
          </div>
        </a>
      </div>
    </div>
    <div
      className="checkbox"
      style={undefined}>
      <label>
        <input
          checked={false}
          disabled={false}
          type="checkbox" />
        Remember my choice
      </label>
    </div>
  </div>
</div>
`;
